// Jest Snapshot v1, https://goo.gl/fbAQLP

exports[`Should be render Home Component correctly 1`] = `"<div class=\\"css-1ypwhrp-Container\\"><div class=\\"css-1wbqkmv-Box\\"><section class=\\"css-4dudyx-Simulator\\"><h1 class=\\"css-ejkvtm-SimulatorTitle\\">Simule sua Antecipação</h1><form id=\\"form\\"><div class=\\"css-11k5a09-wrapper\\"><label class=\\"css-18tgiz1-labelInput\\" for=\\"amount\\">Informe o valor da venda*</label><div class=\\"css-1rdjunr-inputWrapper\\"><div class=\\"css-memc06-wrapper\\"><input id=\\"amount\\" class=\\"css-1u7nkg2-fieldInput\\" name=\\"amount\\" type=\\"text\\" onchange=\\"undefined\\" value=\\"\\"></input></div></div></div><div class=\\"css-11k5a09-wrapper\\"><label class=\\"css-18tgiz1-labelInput\\" for=\\"installments\\">Em quantas parcelas*</label><div class=\\"css-1rdjunr-inputWrapper\\"><div class=\\"css-memc06-wrapper\\"><input id=\\"installments\\" class=\\"css-1u7nkg2-fieldInput\\" name=\\"installments\\" type=\\"number\\" onchange=\\"undefined\\" value=\\"\\"></input></div><span class=\\"css-1vd4a9j-extraInfo\\">Máximo de 12 parcelas</span></div></div><div class=\\"css-11k5a09-wrapper\\"><label class=\\"css-18tgiz1-labelInput\\" for=\\"mdr\\">Informe o percentual de MDR*</label><div class=\\"css-1rdjunr-inputWrapper\\"><div class=\\"css-memc06-wrapper\\"><input id=\\"mdr\\" class=\\"css-1u7nkg2-fieldInput\\" name=\\"mdr\\" type=\\"number\\" onchange=\\"undefined\\" value=\\"\\"></input></div></div></div></form></section><section class=\\"css-1lh4gfx-ResultSection\\"><p class=\\"css-tspkll-ResultTitle\\">Você Receberá</p><ul class=\\"css-srng7-ResultDays\\"><li id=\\"sei\\">Amanhã: <strong data-one-value=\\"0\\">R$ 0,00</strong></li><li>Em 15 dias: <strong data-fifteen-value=\\"0\\">R$ 0,00</strong></li><li>Em 30 dias: <strong data-thirty-value=\\"0\\">R$ 0,00</strong></li><li>Em 90 dias: <strong data-ninety-value=\\"0\\">R$ 0,00</strong></li></ul></section></div></div>"`;
